2026-07-24 01:50:55,198 [INFO] Chưa có data → fetch 90 ngày: 2026-04-25 → 2026-07-23
2026-07-24 01:50:55,512 [INFO] Failed to extract font properties from /usr/share/fonts/truetype/noto/NotoColorEmoji.ttf: Non-scalable fonts are not supported
2026-07-24 01:50:56,498 [INFO] generated new fontManager
2026-07-24 01:50:59,909 [INFO] Device registered: cdee9e98a5e3e3da6b5efc3ffd9e3c38 (version 0.0.1)
2026-07-24 01:51:06,803 [INFO] VCB: ✓ 61 dòng
2026-07-24 01:51:10,934 [INFO] VIC: ✓ 61 dòng
2026-07-24 01:51:14,122 [INFO] VHM: ✓ 61 dòng
2026-07-24 01:51:17,106 [INFO] HPG: ✓ 61 dòng
2026-07-24 01:51:20,761 [INFO] TCB: ✓ 61 dòng
2026-07-24 01:51:24,960 [INFO] MBB: ✓ 61 dòng
2026-07-24 01:51:28,404 [INFO] VNM: ✓ 61 dòng
2026-07-24 01:51:31,864 [INFO] FPT: ✓ 61 dòng
2026-07-24 01:51:35,126 [INFO] MSN: ✓ 61 dòng
2026-07-24 01:51:38,726 [INFO] BID: ✓ 61 dòng
2026-07-24 01:51:38,726 [INFO] === Xong: 10/10 tickers | 610 dòng mới ===
2026-07-27 17:20:59,889 [INFO] Fetch từ 2026-07-24 → 2026-07-26
2026-07-27 17:21:00,637 [INFO] Failed to extract font properties from /usr/share/fonts/truetype/noto/NotoColorEmoji.ttf: Non-scalable fonts are not supported
2026-07-27 17:21:00,655 [INFO] generated new fontManager
2026-07-27 17:21:03,497 [INFO] Device registered: 54e2013a3767e629ef5a2af9440722cc (version 0.0.1)
2026-07-27 17:21:09,790 [INFO] VCB: ✓ 1 dòng
2026-07-27 17:21:13,126 [INFO] VIC: ✓ 1 dòng
2026-07-27 17:21:16,112 [INFO] VHM: ✓ 1 dòng
2026-07-27 17:21:18,637 [INFO] HPG: ✓ 1 dòng
2026-07-27 17:21:21,296 [INFO] TCB: ✓ 1 dòng
2026-07-27 17:21:24,268 [INFO] MBB: ✓ 1 dòng
2026-07-27 17:21:27,390 [INFO] VNM: ✓ 1 dòng
2026-07-27 17:21:30,486 [INFO] FPT: ✓ 1 dòng
2026-07-27 17:21:33,013 [INFO] MSN: ✓ 1 dòng
2026-07-27 17:21:35,495 [INFO] BID: ✓ 1 dòng
2026-07-27 17:21:35,495 [INFO] === Xong: 10/10 tickers | 10 dòng mới ===
2026-07-28 16:53:26,822 [INFO] Fetch từ 2026-07-25 → 2026-07-27
2026-07-28 16:53:27,539 [INFO] Failed to extract font properties from /usr/share/fonts/truetype/noto/NotoColorEmoji.ttf: Non-scalable fonts are not supported
2026-07-28 16:53:27,812 [INFO] generated new fontManager
2026-07-28 16:53:31,871 [INFO] Device registered: 54e2013a3767e629ef5a2af9440722cc (version 0.0.1)
2026-07-28 16:53:39,634 [INFO] VCB: ✓ 1 dòng
2026-07-28 16:53:44,111 [INFO] VIC: ✓ 1 dòng
2026-07-28 16:53:47,964 [INFO] VHM: ✓ 1 dòng
2026-07-28 16:53:51,794 [INFO] HPG: ✓ 1 dòng
2026-07-28 16:53:55,388 [INFO] TCB: ✓ 1 dòng
2026-07-28 16:53:59,357 [INFO] MBB: ✓ 1 dòng
2026-07-28 16:54:03,397 [INFO] VNM: ✓ 1 dòng
2026-07-28 16:54:07,033 [INFO] FPT: ✓ 1 dòng
2026-07-28 16:54:11,181 [INFO] MSN: ✓ 1 dòng
2026-07-28 16:54:15,484 [INFO] BID: ✓ 1 dòng
2026-07-28 16:54:15,484 [INFO] === Xong: 10/10 tickers | 10 dòng mới ===
2026-07-29 16:12:15,003 [INFO] Fetch từ 2026-07-28 → 2026-07-28
2026-07-29 16:12:15,856 [INFO] Failed to extract font properties from /usr/share/fonts/truetype/noto/NotoColorEmoji.ttf: Non-scalable fonts are not supported
2026-07-29 16:12:16,573 [INFO] generated new fontManager
2026-07-29 16:12:19,157 [INFO] Device registered: 54e2013a3767e629ef5a2af9440722cc (version 0.0.1)
2026-07-29 16:12:23,899 [INFO] VCB: ✓ 1 dòng
2026-07-29 16:12:27,131 [INFO] VIC: ✓ 1 dòng
2026-07-29 16:12:29,948 [INFO] VHM: ✓ 1 dòng
2026-07-29 16:12:33,013 [INFO] HPG: ✓ 1 dòng
2026-07-29 16:12:35,610 [INFO] TCB: ✓ 1 dòng
2026-07-29 16:12:38,047 [INFO] MBB: ✓ 1 dòng
2026-07-29 16:12:40,621 [INFO] VNM: ✓ 1 dòng
2026-07-29 16:12:43,278 [INFO] FPT: ✓ 1 dòng
2026-07-29 16:12:45,757 [INFO] MSN: ✓ 1 dòng
2026-07-29 16:12:48,538 [INFO] BID: ✓ 1 dòng
2026-07-29 16:12:48,539 [INFO] === Xong: 10/10 tickers | 10 dòng mới ===
2026-07-30 16:18:12,421 [INFO] Fetch từ 2026-07-29 → 2026-07-29
2026-07-30 16:18:13,542 [INFO] Failed to extract font properties from /usr/share/fonts/truetype/noto/NotoColorEmoji.ttf: Non-scalable fonts are not supported
2026-07-30 16:18:13,589 [INFO] generated new fontManager
2026-07-30 16:18:16,414 [INFO] Device registered: 54e2013a3767e629ef5a2af9440722cc (version 0.0.1)
2026-07-30 16:18:23,170 [INFO] VCB: ✓ 1 dòng
2026-07-30 16:18:27,917 [INFO] VIC: ✓ 1 dòng
2026-07-30 16:18:31,775 [INFO] VHM: ✓ 1 dòng
2026-07-30 16:18:35,603 [INFO] HPG: ✓ 1 dòng
2026-07-30 16:18:40,160 [INFO] TCB: ✓ 1 dòng
2026-07-30 16:18:44,534 [INFO] MBB: ✓ 1 dòng
2026-07-30 16:18:48,758 [INFO] VNM: ✓ 1 dòng
2026-07-30 16:18:53,915 [INFO] FPT: ✓ 1 dòng
2026-07-30 16:18:58,530 [INFO] MSN: ✓ 1 dòng
2026-07-30 16:19:02,537 [INFO] BID: ✓ 1 dòng
2026-07-30 16:19:02,537 [INFO] === Xong: 10/10 tickers | 10 dòng mới ===
2026-07-31 17:00:25,892 [INFO] Fetch từ 2026-07-30 → 2026-07-30
2026-07-31 17:00:26,471 [INFO] Failed to extract font properties from /usr/share/fonts/truetype/noto/NotoColorEmoji.ttf: Non-scalable fonts are not supported
2026-07-31 17:00:26,551 [INFO] generated new fontManager
2026-07-31 17:00:28,842 [INFO] Device registered: 54e2013a3767e629ef5a2af9440722cc (version 0.0.1)
2026-07-31 17:00:34,689 [INFO] VCB: ✓ 1 dòng
2026-07-31 17:00:38,048 [INFO] VIC: ✓ 1 dòng
2026-07-31 17:00:41,133 [INFO] VHM: ✓ 1 dòng
2026-07-31 17:00:44,477 [INFO] HPG: ✓ 1 dòng
2026-07-31 17:00:47,729 [INFO] TCB: ✓ 1 dòng
2026-07-31 17:00:51,179 [INFO] MBB: ✓ 1 dòng
2026-07-31 17:00:54,154 [INFO] VNM: ✓ 1 dòng
2026-07-31 17:00:57,582 [INFO] FPT: ✓ 1 dòng
2026-07-31 17:01:01,410 [INFO] MSN: ✓ 1 dòng
2026-07-31 17:01:04,235 [INFO] BID: ✓ 1 dòng
2026-07-31 17:01:04,235 [INFO] === Xong: 10/10 tickers | 10 dòng mới ===
2026-08-03 17:29:16,130 [INFO] Fetch từ 2026-07-31 → 2026-08-02
2026-08-03 17:29:16,534 [INFO] Failed to extract font properties from /usr/share/fonts/truetype/noto/NotoColorEmoji.ttf: Non-scalable fonts are not supported
2026-08-03 17:29:16,618 [INFO] generated new fontManager
2026-08-03 17:29:19,845 [INFO] Device registered: 54e2013a3767e629ef5a2af9440722cc (version 0.0.1)
2026-08-03 17:29:27,822 [INFO] VCB: ✓ 1 dòng
2026-08-03 17:29:36,920 [INFO] VIC: ✓ 1 dòng
2026-08-03 17:29:46,846 [INFO] VHM: ✓ 1 dòng
2026-08-03 17:29:51,036 [INFO] HPG: ✓ 1 dòng
2026-08-03 17:29:55,386 [INFO] TCB: ✓ 1 dòng
2026-08-03 17:29:58,536 [INFO] MBB: ✓ 1 dòng
2026-08-03 17:30:01,621 [INFO] VNM: ✓ 1 dòng
2026-08-03 17:30:04,686 [INFO] FPT: ✓ 1 dòng
2026-08-03 17:30:07,697 [INFO] MSN: ✓ 1 dòng
2026-08-03 17:30:10,546 [INFO] BID: ✓ 1 dòng
2026-08-03 17:30:10,546 [INFO] === Xong: 10/10 tickers | 10 dòng mới ===
2026-08-04 12:55:18,706 [INFO] Fetch từ 2026-08-01 → 2026-08-03
2026-08-04 12:55:19,955 [INFO] Failed to extract font properties from /usr/share/fonts/truetype/noto/NotoColorEmoji.ttf: Non-scalable fonts are not supported
2026-08-04 12:55:20,143 [INFO] generated new fontManager
2026-08-04 12:55:23,105 [INFO] Device registered: 54e2013a3767e629ef5a2af9440722cc (version 0.0.1)
2026-08-04 12:55:30,359 [INFO] VCB: ✓ 1 dòng
2026-08-04 12:55:34,493 [INFO] VIC: ✓ 1 dòng
2026-08-04 12:55:39,008 [INFO] VHM: ✓ 1 dòng
2026-08-04 12:55:42,617 [INFO] HPG: ✓ 1 dòng
2026-08-04 12:55:46,517 [INFO] TCB: ✓ 1 dòng
2026-08-04 12:55:50,582 [INFO] MBB: ✓ 1 dòng
2026-08-04 12:55:53,838 [INFO] VNM: ✓ 1 dòng
2026-08-04 12:55:57,992 [INFO] FPT: ✓ 1 dòng
2026-08-04 12:56:01,700 [INFO] MSN: ✓ 1 dòng
2026-08-04 12:56:05,632 [INFO] BID: ✓ 1 dòng
2026-08-04 12:56:05,633 [INFO] === Xong: 10/10 tickers | 10 dòng mới ===
2026-08-05 12:49:32,328 [INFO] Fetch từ 2026-08-04 → 2026-08-04
2026-08-05 12:49:32,659 [INFO] Failed to extract font properties from /usr/share/fonts/truetype/noto/NotoColorEmoji.ttf: Non-scalable fonts are not supported
2026-08-05 12:49:32,776 [INFO] generated new fontManager
2026-08-05 12:49:35,012 [INFO] Device registered: 54e2013a3767e629ef5a2af9440722cc (version 0.0.1)
2026-08-05 12:49:40,593 [INFO] VCB: ✓ 1 dòng
2026-08-05 12:49:43,512 [INFO] VIC: ✓ 1 dòng
2026-08-05 12:49:46,135 [INFO] VHM: ✓ 1 dòng
2026-08-05 12:49:48,784 [INFO] HPG: ✓ 1 dòng
2026-08-05 12:49:51,297 [INFO] TCB: ✓ 1 dòng
2026-08-05 12:49:53,873 [INFO] MBB: ✓ 1 dòng
2026-08-05 12:49:56,803 [INFO] VNM: ✓ 1 dòng
2026-08-05 12:49:59,419 [INFO] FPT: ✓ 1 dòng
2026-08-05 12:50:02,235 [INFO] MSN: ✓ 1 dòng
2026-08-05 12:50:05,682 [INFO] BID: ✓ 1 dòng
2026-08-05 12:50:05,682 [INFO] === Xong: 10/10 tickers | 10 dòng mới ===
2026-08-06 12:53:23,160 [INFO] Fetch từ 2026-08-05 → 2026-08-05
2026-08-06 12:53:23,594 [INFO] Failed to extract font properties from /usr/share/fonts/truetype/noto/NotoColorEmoji.ttf: Non-scalable fonts are not supported
2026-08-06 12:53:24,074 [INFO] generated new fontManager
2026-08-06 12:53:26,539 [INFO] Device registered: 54e2013a3767e629ef5a2af9440722cc (version 0.0.1)
2026-08-06 12:53:31,733 [INFO] VCB: ✓ 1 dòng
2026-08-06 12:53:34,866 [INFO] VIC: ✓ 1 dòng
2026-08-06 12:53:38,355 [INFO] VHM: ✓ 1 dòng
2026-08-06 12:53:40,876 [INFO] HPG: ✓ 1 dòng
2026-08-06 12:53:43,556 [INFO] TCB: ✓ 1 dòng
2026-08-06 12:53:46,331 [INFO] MBB: ✓ 1 dòng
2026-08-06 12:53:49,142 [INFO] VNM: ✓ 1 dòng
2026-08-06 12:53:51,856 [INFO] FPT: ✓ 1 dòng
2026-08-06 12:53:54,472 [INFO] MSN: ✓ 1 dòng
2026-08-06 12:53:57,757 [INFO] BID: ✓ 1 dòng
2026-08-06 12:53:57,757 [INFO] === Xong: 10/10 tickers | 10 dòng mới ===
2026-08-07 11:40:36,238 [INFO] Fetch từ 2026-08-06 → 2026-08-06
2026-08-07 11:40:37,041 [INFO] Failed to extract font properties from /usr/share/fonts/truetype/noto/NotoColorEmoji.ttf: Non-scalable fonts are not supported
2026-08-07 11:40:37,067 [INFO] generated new fontManager
2026-08-07 11:40:39,762 [INFO] Device registered: 54e2013a3767e629ef5a2af9440722cc (version 0.0.1)
2026-08-07 11:40:45,188 [INFO] VCB: ✓ 1 dòng
2026-08-07 11:40:49,435 [INFO] VIC: ✓ 1 dòng
2026-08-07 11:40:52,412 [INFO] VHM: ✓ 1 dòng
2026-08-07 11:40:55,478 [INFO] HPG: ✓ 1 dòng
2026-08-07 11:40:58,714 [INFO] TCB: ✓ 1 dòng
2026-08-07 11:41:01,969 [INFO] MBB: ✓ 1 dòng
2026-08-07 11:41:05,512 [INFO] VNM: ✓ 1 dòng
2026-08-07 11:41:09,378 [INFO] FPT: ✓ 1 dòng
2026-08-07 11:41:13,011 [INFO] MSN: ✓ 1 dòng
2026-08-07 11:41:16,352 [INFO] BID: ✓ 1 dòng
2026-08-07 11:41:16,352 [INFO] === Xong: 10/10 tickers | 10 dòng mới ===
2026-08-10 11:42:56,847 [INFO] Fetch từ 2026-08-07 → 2026-08-09
2026-08-10 11:42:57,203 [INFO] Failed to extract font properties from /usr/share/fonts/truetype/noto/NotoColorEmoji.ttf: Non-scalable fonts are not supported
2026-08-10 11:42:57,220 [INFO] generated new fontManager
2026-08-10 11:43:00,121 [INFO] Device registered: 54e2013a3767e629ef5a2af9440722cc (version 0.0.1)
2026-08-10 11:43:06,847 [INFO] VCB: ✓ 1 dòng
2026-08-10 11:43:11,310 [INFO] VIC: ✓ 1 dòng
2026-08-10 11:43:16,479 [INFO] VHM: ✓ 1 dòng
2026-08-10 11:43:20,752 [INFO] HPG: ✓ 1 dòng
2026-08-10 11:43:24,906 [INFO] TCB: ✓ 1 dòng
2026-08-10 11:43:28,335 [INFO] MBB: ✓ 1 dòng
2026-08-10 11:44:12,504 [INFO] VNM: ✓ 1 dòng
2026-08-10 11:44:17,858 [INFO] FPT: ✓ 1 dòng
2026-08-10 11:44:22,660 [INFO] MSN: ✓ 1 dòng
2026-08-10 11:44:26,790 [INFO] BID: ✓ 1 dòng
2026-08-10 11:44:26,790 [INFO] === Xong: 10/10 tickers | 10 dòng mới ===
2026-08-11 11:39:21,693 [INFO] Fetch từ 2026-08-08 → 2026-08-10
2026-08-11 11:39:22,048 [INFO] Failed to extract font properties from /usr/share/fonts/truetype/noto/NotoColorEmoji.ttf: Non-scalable fonts are not supported
2026-08-11 11:39:22,135 [INFO] generated new fontManager
2026-08-11 11:39:24,899 [INFO] Device registered: 54e2013a3767e629ef5a2af9440722cc (version 0.0.1)
2026-08-11 11:39:31,722 [INFO] VCB: ✓ 1 dòng
2026-08-11 11:39:35,598 [INFO] VIC: ✓ 1 dòng
2026-08-11 11:39:39,419 [INFO] VHM: ✓ 1 dòng
2026-08-11 11:39:43,919 [INFO] HPG: ✓ 1 dòng
2026-08-11 11:39:48,387 [INFO] TCB: ✓ 1 dòng
2026-08-11 11:39:52,005 [INFO] MBB: ✓ 1 dòng
2026-08-11 11:39:57,055 [INFO] VNM: ✓ 1 dòng
2026-08-11 11:40:00,863 [INFO] FPT: ✓ 1 dòng
2026-08-11 11:40:05,621 [INFO] MSN: ✓ 1 dòng
2026-08-11 11:40:09,473 [INFO] BID: ✓ 1 dòng
2026-08-11 11:40:09,473 [INFO] === Xong: 10/10 tickers | 10 dòng mới ===
2026-08-12 11:41:55,472 [INFO] Fetch từ 2026-08-11 → 2026-08-11
2026-08-12 11:41:56,585 [INFO] Failed to extract font properties from /usr/share/fonts/truetype/noto/NotoColorEmoji.ttf: Non-scalable fonts are not supported
2026-08-12 11:41:57,768 [INFO] generated new fontManager
2026-08-12 11:42:00,190 [INFO] Device registered: cca56bbe7c6ef2789b16be206e2e3b77 (version 0.0.1)
2026-08-12 11:42:05,076 [INFO] VCB: ✓ 1 dòng
2026-08-12 11:42:08,991 [INFO] VIC: ✓ 1 dòng
2026-08-12 11:42:11,652 [INFO] VHM: ✓ 1 dòng
2026-08-12 11:42:14,584 [INFO] HPG: ✓ 1 dòng
2026-08-12 11:42:17,675 [INFO] TCB: ✓ 1 dòng
2026-08-12 11:42:20,311 [INFO] MBB: ✓ 1 dòng
2026-08-12 11:42:22,985 [INFO] VNM: ✓ 1 dòng
2026-08-12 11:42:25,821 [INFO] FPT: ✓ 1 dòng
2026-08-12 11:42:28,519 [INFO] MSN: ✓ 1 dòng
2026-08-12 11:42:31,197 [INFO] BID: ✓ 1 dòng
2026-08-12 11:42:31,197 [INFO] === Xong: 10/10 tickers | 10 dòng mới ===
2026-08-13 11:41:41,949 [INFO] Fetch từ 2026-08-12 → 2026-08-12
2026-08-13 11:41:42,783 [INFO] Failed to extract font properties from /usr/share/fonts/truetype/noto/NotoColorEmoji.ttf: Non-scalable fonts are not supported
2026-08-13 11:41:43,166 [INFO] generated new fontManager
2026-08-13 11:41:45,744 [INFO] Device registered: 54e2013a3767e629ef5a2af9440722cc (version 0.0.1)
2026-08-13 11:41:52,574 [INFO] VCB: ✓ 1 dòng
2026-08-13 11:42:26,682 [INFO] VIC: ✓ 1 dòng
2026-08-13 11:42:30,965 [INFO] VHM: ✓ 1 dòng
2026-08-13 11:42:34,769 [INFO] HPG: ✓ 1 dòng
2026-08-13 11:42:38,072 [INFO] TCB: ✓ 1 dòng
2026-08-13 11:42:40,935 [INFO] MBB: ✓ 1 dòng
2026-08-13 11:42:44,460 [INFO] VNM: ✓ 1 dòng
2026-08-13 11:42:47,353 [INFO] FPT: ✓ 1 dòng
2026-08-13 11:42:50,809 [INFO] MSN: ✓ 1 dòng
2026-08-13 11:42:55,128 [INFO] BID: ✓ 1 dòng
2026-08-13 11:42:55,128 [INFO] === Xong: 10/10 tickers | 10 dòng mới ===
2026-08-14 11:39:32,660 [INFO] Fetch từ 2026-08-13 → 2026-08-13
2026-08-14 11:39:33,019 [INFO] Failed to extract font properties from /usr/share/fonts/truetype/noto/NotoColorEmoji.ttf: Non-scalable fonts are not supported
2026-08-14 11:39:33,795 [INFO] generated new fontManager
2026-08-14 11:39:36,072 [INFO] Device registered: cca56bbe7c6ef2789b16be206e2e3b77 (version 0.0.1)
2026-08-14 11:39:40,130 [INFO] VCB: ✓ 1 dòng
2026-08-14 11:39:43,534 [INFO] VIC: ✓ 1 dòng
2026-08-14 11:39:46,539 [INFO] VHM: ✓ 1 dòng
2026-08-14 11:39:49,487 [INFO] HPG: ✓ 1 dòng
2026-08-14 11:39:52,562 [INFO] TCB: ✓ 1 dòng
2026-08-14 11:39:55,156 [INFO] MBB: ✓ 1 dòng
2026-08-14 11:39:58,029 [INFO] VNM: ✓ 1 dòng
2026-08-14 11:40:00,865 [INFO] FPT: ✓ 1 dòng
2026-08-14 11:40:03,520 [INFO] MSN: ✓ 1 dòng
2026-08-14 11:40:37,308 [INFO] BID: ✓ 1 dòng
2026-08-14 11:40:37,308 [INFO] === Xong: 10/10 tickers | 10 dòng mới ===
2026-08-17 11:19:35,640 [INFO] Fetch từ 2026-08-14 → 2026-08-16
2026-08-17 11:19:36,025 [INFO] Failed to extract font properties from /usr/share/fonts/truetype/noto/NotoColorEmoji.ttf: Non-scalable fonts are not supported
2026-08-17 11:19:36,057 [INFO] generated new fontManager
2026-08-17 11:19:38,757 [INFO] Device registered: cca56bbe7c6ef2789b16be206e2e3b77 (version 0.0.1)
2026-08-17 11:19:40,764 [ERROR] VCB: Lỗi — cannot access local variable 'hosting_service' where it is not associated with a value
2026-08-17 11:19:42,080 [ERROR] VIC: Lỗi — cannot access local variable 'hosting_service' where it is not associated with a value
2026-08-17 11:19:42,782 [ERROR] VHM: Lỗi — cannot access local variable 'hosting_service' where it is not associated with a value
2026-08-17 11:19:43,844 [ERROR] HPG: Lỗi — cannot access local variable 'hosting_service' where it is not associated with a value
2026-08-17 11:19:44,839 [ERROR] TCB: Lỗi — cannot access local variable 'hosting_service' where it is not associated with a value
2026-08-17 11:19:45,934 [ERROR] MBB: Lỗi — cannot access local variable 'hosting_service' where it is not associated with a value
2026-08-17 11:19:46,960 [ERROR] VNM: Lỗi — cannot access local variable 'hosting_service' where it is not associated with a value
2026-08-17 11:19:47,687 [ERROR] FPT: Lỗi — cannot access local variable 'hosting_service' where it is not associated with a value
2026-08-17 11:19:48,792 [ERROR] MSN: Lỗi — cannot access local variable 'hosting_service' where it is not associated with a value
2026-08-17 11:19:49,520 [ERROR] BID: Lỗi — cannot access local variable 'hosting_service' where it is not associated with a value
2026-08-17 11:19:49,520 [INFO] === Xong: 0/10 tickers | 0 dòng mới ===
2026-08-18 11:19:36,402 [INFO] Fetch từ 2026-08-14 → 2026-08-17
2026-08-18 11:19:36,862 [INFO] Failed to extract font properties from /usr/share/fonts/truetype/noto/NotoColorEmoji.ttf: Non-scalable fonts are not supported
2026-08-18 11:19:36,906 [INFO] generated new fontManager
2026-08-18 11:19:39,224 [INFO] Device registered: cca56bbe7c6ef2789b16be206e2e3b77 (version 0.0.1)
2026-08-18 11:19:41,120 [ERROR] VCB: Lỗi — cannot access local variable 'hosting_service' where it is not associated with a value
2026-08-18 11:19:42,294 [ERROR] VIC: Lỗi — cannot access local variable 'hosting_service' where it is not associated with a value
2026-08-18 11:19:43,277 [ERROR] VHM: Lỗi — cannot access local variable 'hosting_service' where it is not associated with a value
2026-08-18 11:19:44,689 [ERROR] HPG: Lỗi — cannot access local variable 'hosting_service' where it is not associated with a value
2026-08-18 11:19:45,394 [ERROR] TCB: Lỗi — cannot access local variable 'hosting_service' where it is not associated with a value
2026-08-18 11:19:46,102 [ERROR] MBB: Lỗi — cannot access local variable 'hosting_service' where it is not associated with a value
2026-08-18 11:19:46,818 [ERROR] VNM: Lỗi — cannot access local variable 'hosting_service' where it is not associated with a value
2026-08-18 11:19:47,831 [ERROR] FPT: Lỗi — cannot access local variable 'hosting_service' where it is not associated with a value
2026-08-18 11:19:48,942 [ERROR] MSN: Lỗi — cannot access local variable 'hosting_service' where it is not associated with a value
2026-08-18 11:19:49,648 [ERROR] BID: Lỗi — cannot access local variable 'hosting_service' where it is not associated with a value
2026-08-18 11:19:49,649 [INFO] === Xong: 0/10 tickers | 0 dòng mới ===
2026-08-19 11:19:19,688 [INFO] Fetch từ 2026-08-14 → 2026-08-18
2026-08-19 11:19:20,209 [INFO] Failed to extract font properties from /usr/share/fonts/truetype/noto/NotoColorEmoji.ttf: Non-scalable fonts are not supported
2026-08-19 11:19:20,991 [INFO] generated new fontManager
2026-08-19 11:19:24,135 [INFO] Device registered: cca56bbe7c6ef2789b16be206e2e3b77 (version 0.0.1)
2026-08-19 11:19:26,202 [ERROR] VCB: Lỗi — cannot access local variable 'hosting_service' where it is not associated with a value
2026-08-19 11:19:27,103 [ERROR] VIC: Lỗi — cannot access local variable 'hosting_service' where it is not associated with a value
2026-08-19 11:19:28,412 [ERROR] VHM: Lỗi — cannot access local variable 'hosting_service' where it is not associated with a value
2026-08-19 11:19:29,680 [ERROR] HPG: Lỗi — cannot access local variable 'hosting_service' where it is not associated with a value
2026-08-19 11:19:30,941 [ERROR] TCB: Lỗi — cannot access local variable 'hosting_service' where it is not associated with a value
2026-08-19 11:19:32,056 [ERROR] MBB: Lỗi — cannot access local variable 'hosting_service' where it is not associated with a value
2026-08-19 11:19:32,954 [ERROR] VNM: Lỗi — cannot access local variable 'hosting_service' where it is not associated with a value
2026-08-19 11:19:34,579 [ERROR] FPT: Lỗi — cannot access local variable 'hosting_service' where it is not associated with a value
2026-08-19 11:19:35,834 [ERROR] MSN: Lỗi — cannot access local variable 'hosting_service' where it is not associated with a value
2026-08-19 11:19:36,633 [ERROR] BID: Lỗi — cannot access local variable 'hosting_service' where it is not associated with a value
2026-08-19 11:19:36,633 [INFO] === Xong: 0/10 tickers | 0 dòng mới ===
2026-08-20 11:20:25,615 [INFO] Fetch từ 2026-08-14 → 2026-08-19
2026-08-20 11:20:25,946 [INFO] Failed to extract font properties from /usr/share/fonts/truetype/noto/NotoColorEmoji.ttf: Non-scalable fonts are not supported
2026-08-20 11:20:26,045 [INFO] generated new fontManager
2026-08-20 11:20:28,180 [INFO] Device registered: cca56bbe7c6ef2789b16be206e2e3b77 (version 0.0.1)
2026-08-20 11:20:29,507 [ERROR] VCB: Lỗi — cannot access local variable 'hosting_service' where it is not associated with a value
2026-08-20 11:20:30,387 [ERROR] VIC: Lỗi — cannot access local variable 'hosting_service' where it is not associated with a value
2026-08-20 11:20:31,817 [ERROR] VHM: Lỗi — cannot access local variable 'hosting_service' where it is not associated with a value
2026-08-20 11:20:32,525 [ERROR] HPG: Lỗi — cannot access local variable 'hosting_service' where it is not associated with a value
2026-08-20 11:20:33,416 [ERROR] TCB: Lỗi — cannot access local variable 'hosting_service' where it is not associated with a value
2026-08-20 11:20:34,288 [ERROR] MBB: Lỗi — cannot access local variable 'hosting_service' where it is not associated with a value
2026-08-20 11:20:34,983 [ERROR] VNM: Lỗi — cannot access local variable 'hosting_service' where it is not associated with a value
2026-08-20 11:20:35,683 [ERROR] FPT: Lỗi — cannot access local variable 'hosting_service' where it is not associated with a value
2026-08-20 11:20:36,569 [ERROR] MSN: Lỗi — cannot access local variable 'hosting_service' where it is not associated with a value
2026-08-20 11:20:37,440 [ERROR] BID: Lỗi — cannot access local variable 'hosting_service' where it is not associated with a value
2026-08-20 11:20:37,441 [INFO] === Xong: 0/10 tickers | 0 dòng mới ===
2026-08-21 11:19:49,695 [INFO] Fetch từ 2026-08-14 → 2026-08-20
2026-08-21 11:19:50,085 [INFO] Failed to extract font properties from /usr/share/fonts/truetype/noto/NotoColorEmoji.ttf: Non-scalable fonts are not supported
2026-08-21 11:19:50,157 [INFO] generated new fontManager
2026-08-21 11:19:52,992 [INFO] Device registered: f77044c6775f92046dbbc39bdc8d2296 (version 0.0.1)
2026-08-21 11:19:58,829 [INFO] VCB: ✓ 5 dòng
2026-08-21 11:20:02,261 [INFO] VIC: ✓ 5 dòng
2026-08-21 11:20:06,412 [INFO] VHM: ✓ 5 dòng
2026-08-21 11:20:10,133 [INFO] HPG: ✓ 5 dòng
2026-08-21 11:20:13,004 [INFO] TCB: ✓ 5 dòng
2026-08-21 11:20:16,146 [INFO] MBB: ✓ 5 dòng
2026-08-21 11:20:19,234 [INFO] VNM: ✓ 5 dòng
2026-08-21 11:20:23,346 [INFO] FPT: ✓ 5 dòng
2026-08-21 11:20:27,092 [INFO] MSN: ✓ 5 dòng
2026-08-21 11:20:30,791 [INFO] BID: ✓ 5 dòng
2026-08-21 11:20:30,791 [INFO] === Xong: 10/10 tickers | 50 dòng mới ===
2026-08-24 11:21:16,199 [INFO] Fetch từ 2026-08-21 → 2026-08-23
2026-08-24 11:21:16,609 [INFO] Failed to extract font properties from /usr/share/fonts/truetype/noto/NotoColorEmoji.ttf: Non-scalable fonts are not supported
2026-08-24 11:21:16,718 [INFO] generated new fontManager
2026-08-24 11:21:19,323 [INFO] Device registered: f77044c6775f92046dbbc39bdc8d2296 (version 0.0.1)
2026-08-24 11:21:24,573 [INFO] VCB: ✓ 1 dòng
2026-08-24 11:21:28,108 [INFO] VIC: ✓ 1 dòng
2026-08-24 11:21:31,368 [INFO] VHM: ✓ 1 dòng
2026-08-24 11:21:34,237 [INFO] HPG: ✓ 1 dòng
2026-08-24 11:21:37,492 [INFO] TCB: ✓ 1 dòng
2026-08-24 11:21:40,616 [INFO] MBB: ✓ 1 dòng
2026-08-24 11:21:43,653 [INFO] VNM: ✓ 1 dòng
2026-08-24 11:21:46,702 [INFO] FPT: ✓ 1 dòng
2026-08-24 11:21:50,467 [INFO] MSN: ✓ 1 dòng
2026-08-24 11:21:53,740 [INFO] BID: ✓ 1 dòng
2026-08-24 11:21:53,740 [INFO] === Xong: 10/10 tickers | 10 dòng mới ===
2026-08-25 11:21:09,669 [INFO] Fetch từ 2026-08-22 → 2026-08-24
2026-08-25 11:21:10,000 [INFO] Failed to extract font properties from /usr/share/fonts/truetype/noto/NotoColorEmoji.ttf: Non-scalable fonts are not supported
2026-08-25 11:21:10,029 [INFO] generated new fontManager
2026-08-25 11:21:12,471 [INFO] Device registered: f77044c6775f92046dbbc39bdc8d2296 (version 0.0.1)
2026-08-25 11:21:17,842 [INFO] VCB: ✓ 1 dòng
2026-08-25 11:21:21,183 [INFO] VIC: ✓ 1 dòng
2026-08-25 11:21:24,230 [INFO] VHM: ✓ 1 dòng
2026-08-25 11:21:27,828 [INFO] HPG: ✓ 1 dòng
2026-08-25 11:21:30,651 [INFO] TCB: ✓ 1 dòng
2026-08-25 11:21:33,423 [INFO] MBB: ✓ 1 dòng
2026-08-25 11:21:36,136 [INFO] VNM: ✓ 1 dòng
2026-08-25 11:21:38,758 [INFO] FPT: ✓ 1 dòng
2026-08-25 11:21:41,299 [INFO] MSN: ✓ 1 dòng
2026-08-25 11:21:44,389 [INFO] BID: ✓ 1 dòng
2026-08-25 11:21:44,389 [INFO] === Xong: 10/10 tickers | 10 dòng mới ===
2026-08-26 11:23:00,349 [INFO] Fetch từ 2026-08-25 → 2026-08-25
2026-08-26 11:23:01,002 [INFO] Failed to extract font properties from /usr/share/fonts/truetype/noto/NotoColorEmoji.ttf: Non-scalable fonts are not supported
2026-08-26 11:23:01,220 [INFO] generated new fontManager
2026-08-26 11:23:03,862 [INFO] Device registered: f77044c6775f92046dbbc39bdc8d2296 (version 0.0.1)
2026-08-26 11:23:09,559 [INFO] VCB: ✓ 1 dòng
2026-08-26 11:23:15,001 [INFO] VIC: ✓ 1 dòng
2026-08-26 11:23:19,175 [INFO] VHM: ✓ 1 dòng
2026-08-26 11:23:22,910 [INFO] HPG: ✓ 1 dòng
2026-08-26 11:23:26,959 [INFO] TCB: ✓ 1 dòng
2026-08-26 11:23:30,652 [INFO] MBB: ✓ 1 dòng
2026-08-26 11:23:34,235 [INFO] VNM: ✓ 1 dòng
2026-08-26 11:23:38,279 [INFO] FPT: ✓ 1 dòng
2026-08-26 11:23:42,761 [INFO] MSN: ✓ 1 dòng
2026-08-26 11:23:48,078 [INFO] BID: ✓ 1 dòng
2026-08-26 11:23:48,078 [INFO] === Xong: 10/10 tickers | 10 dòng mới ===
2026-08-27 20:52:43,285 [INFO] Fetch từ 2026-08-26 → 2026-08-26
2026-08-27 20:52:44,364 [INFO] Failed to extract font properties from /usr/share/fonts/truetype/noto/NotoColorEmoji.ttf: Non-scalable fonts are not supported
2026-08-27 20:52:44,896 [INFO] generated new fontManager
2026-08-27 20:52:47,992 [INFO] Device registered: a1691119d2049e96ca73e5b8469e5a77 (version 0.0.1)
2026-08-27 20:52:54,639 [INFO] VCB: ✓ 1 dòng
2026-08-27 20:52:58,213 [INFO] VIC: ✓ 1 dòng
2026-08-27 20:53:02,152 [INFO] VHM: ✓ 1 dòng
2026-08-27 20:53:06,589 [INFO] HPG: ✓ 1 dòng
2026-08-27 20:53:10,608 [INFO] TCB: ✓ 1 dòng
2026-08-27 20:53:14,306 [INFO] MBB: ✓ 1 dòng
2026-08-27 20:53:18,155 [INFO] VNM: ✓ 1 dòng
2026-08-27 20:53:22,375 [INFO] FPT: ✓ 1 dòng
2026-08-27 20:53:26,262 [INFO] MSN: ✓ 1 dòng
2026-08-27 20:53:29,511 [INFO] BID: ✓ 1 dòng
2026-08-27 20:53:29,512 [INFO] === Xong: 10/10 tickers | 10 dòng mới ===
2026-08-28 21:18:53,492 [INFO] Fetch từ 2026-08-27 → 2026-08-27
2026-08-28 21:18:53,938 [INFO] Failed to extract font properties from /usr/share/fonts/truetype/noto/NotoColorEmoji.ttf: Non-scalable fonts are not supported
2026-08-28 21:18:54,004 [INFO] generated new fontManager
2026-08-28 21:18:56,320 [INFO] Device registered: a1691119d2049e96ca73e5b8469e5a77 (version 0.0.1)
2026-08-28 21:19:02,053 [INFO] VCB: ✓ 1 dòng
2026-08-28 21:19:04,891 [INFO] VIC: ✓ 1 dòng
2026-08-28 21:19:07,978 [INFO] VHM: ✓ 1 dòng
2026-08-28 21:19:11,162 [INFO] HPG: ✓ 1 dòng
2026-08-28 21:19:14,162 [INFO] TCB: ✓ 1 dòng
2026-08-28 21:19:17,447 [INFO] MBB: ✓ 1 dòng
2026-08-28 21:19:20,670 [INFO] VNM: ✓ 1 dòng
2026-08-28 21:19:23,515 [INFO] FPT: ✓ 1 dòng
2026-08-28 21:19:27,751 [INFO] MSN: ✓ 1 dòng
2026-08-28 21:19:30,823 [INFO] BID: ✓ 1 dòng
2026-08-28 21:19:30,823 [INFO] === Xong: 10/10 tickers | 10 dòng mới ===
2026-08-31 17:47:26,487 [INFO] Fetch từ 2026-08-28 → 2026-08-30
2026-08-31 17:47:26,919 [INFO] Failed to extract font properties from /usr/share/fonts/truetype/noto/NotoColorEmoji.ttf: Non-scalable fonts are not supported
2026-08-31 17:47:26,978 [INFO] generated new fontManager
2026-08-31 17:47:29,734 [INFO] Device registered: a1691119d2049e96ca73e5b8469e5a77 (version 0.0.1)
2026-08-31 17:47:35,661 [INFO] VCB: ✓ 1 dòng
2026-08-31 17:47:39,658 [INFO] VIC: ✓ 1 dòng
2026-08-31 17:47:43,066 [INFO] VHM: ✓ 1 dòng
2026-08-31 17:47:46,529 [INFO] HPG: ✓ 1 dòng
2026-08-31 17:47:49,531 [INFO] TCB: ✓ 1 dòng
2026-08-31 17:47:52,989 [INFO] MBB: ✓ 1 dòng
2026-08-31 17:47:56,289 [INFO] VNM: ✓ 1 dòng
2026-08-31 17:47:59,320 [INFO] FPT: ✓ 1 dòng
2026-08-31 17:48:02,894 [INFO] MSN: ✓ 1 dòng
2026-08-31 17:48:07,329 [INFO] BID: ✓ 1 dòng
2026-08-31 17:48:07,330 [INFO] === Xong: 10/10 tickers | 10 dòng mới ===
2026-09-01 15:21:23,840 [INFO] Fetch từ 2026-08-29 → 2026-08-31
2026-09-01 15:21:24,147 [INFO] Failed to extract font properties from /usr/share/fonts/truetype/noto/NotoColorEmoji.ttf: Non-scalable fonts are not supported
2026-09-01 15:21:24,335 [INFO] generated new fontManager
2026-09-01 15:21:26,566 [INFO] Device registered: a1691119d2049e96ca73e5b8469e5a77 (version 0.0.1)
2026-09-01 15:21:32,336 [WARNING] VCB: Không có data trong khoảng này
2026-09-01 15:21:36,561 [WARNING] VIC: Không có data trong khoảng này
2026-09-01 15:21:40,551 [WARNING] VHM: Không có data trong khoảng này
2026-09-01 15:21:43,779 [WARNING] HPG: Không có data trong khoảng này
2026-09-01 15:21:47,056 [WARNING] TCB: Không có data trong khoảng này
2026-09-01 15:21:50,501 [WARNING] MBB: Không có data trong khoảng này
2026-09-01 15:21:53,948 [WARNING] VNM: Không có data trong khoảng này
2026-09-01 15:21:58,655 [WARNING] FPT: Không có data trong khoảng này
2026-09-01 15:22:03,622 [WARNING] MSN: Không có data trong khoảng này
2026-09-01 15:22:06,911 [WARNING] BID: Không có data trong khoảng này
2026-09-01 15:22:06,911 [INFO] === Xong: 0/10 tickers | 0 dòng mới ===
2026-09-02 14:53:19,546 [INFO] Fetch từ 2026-08-29 → 2026-09-01
2026-09-02 14:53:20,578 [INFO] Failed to extract font properties from /usr/share/fonts/truetype/noto/NotoColorEmoji.ttf: Non-scalable fonts are not supported
2026-09-02 14:53:20,983 [INFO] generated new fontManager
2026-09-02 14:53:23,651 [INFO] Device registered: a1691119d2049e96ca73e5b8469e5a77 (version 0.0.1)
2026-09-02 14:53:29,671 [WARNING] VCB: Không có data trong khoảng này
2026-09-02 14:53:32,982 [WARNING] VIC: Không có data trong khoảng này
2026-09-02 14:53:36,114 [WARNING] VHM: Không có data trong khoảng này
2026-09-02 14:53:39,405 [WARNING] HPG: Không có data trong khoảng này
2026-09-02 14:53:42,788 [WARNING] TCB: Không có data trong khoảng này
2026-09-02 14:53:46,074 [WARNING] MBB: Không có data trong khoảng này
2026-09-02 14:53:49,112 [WARNING] VNM: Không có data trong khoảng này
2026-09-02 14:53:51,967 [WARNING] FPT: Không có data trong khoảng này
2026-09-02 14:53:55,782 [WARNING] MSN: Không có data trong khoảng này
2026-09-02 14:54:00,349 [WARNING] BID: Không có data trong khoảng này
2026-09-02 14:54:00,349 [INFO] === Xong: 0/10 tickers | 0 dòng mới ===
2026-09-03 14:50:23,884 [INFO] Fetch từ 2026-08-29 → 2026-09-02
2026-09-03 14:50:24,444 [INFO] Failed to extract font properties from /usr/share/fonts/truetype/noto/NotoColorEmoji.ttf: Non-scalable fonts are not supported
2026-09-03 14:50:25,079 [INFO] generated new fontManager
2026-09-03 14:50:28,064 [INFO] Device registered: a1691119d2049e96ca73e5b8469e5a77 (version 0.0.1)
2026-09-03 14:50:34,668 [WARNING] VCB: Không có data trong khoảng này
2026-09-03 14:50:38,783 [WARNING] VIC: Không có data trong khoảng này
2026-09-03 14:50:43,250 [WARNING] VHM: Không có data trong khoảng này
2026-09-03 14:50:47,388 [WARNING] HPG: Không có data trong khoảng này
2026-09-03 14:50:51,326 [WARNING] TCB: Không có data trong khoảng này
2026-09-03 14:50:55,036 [WARNING] MBB: Không có data trong khoảng này
2026-09-03 14:50:59,950 [WARNING] VNM: Không có data trong khoảng này
2026-09-03 14:51:04,069 [WARNING] FPT: Không có data trong khoảng này
2026-09-03 14:51:09,037 [WARNING] MSN: Không có data trong khoảng này
2026-09-03 14:51:12,963 [WARNING] BID: Không có data trong khoảng này
2026-09-03 14:51:12,963 [INFO] === Xong: 0/10 tickers | 0 dòng mới ===
2026-09-04 14:41:33,711 [INFO] Fetch từ 2026-08-29 → 2026-09-03
2026-09-04 14:41:34,202 [INFO] Failed to extract font properties from /usr/share/fonts/truetype/noto/NotoColorEmoji.ttf: Non-scalable fonts are not supported
2026-09-04 14:41:34,288 [INFO] generated new fontManager
2026-09-04 14:41:36,458 [INFO] Device registered: 73771c5ea2a9dbf45599cbbbd498368f (version 0.0.1)
2026-09-04 14:41:41,715 [INFO] VCB: ✓ 1 dòng
2026-09-04 14:41:45,714 [INFO] VIC: ✓ 1 dòng
2026-09-04 14:41:48,924 [INFO] VHM: ✓ 1 dòng
2026-09-04 14:41:52,499 [INFO] HPG: ✓ 1 dòng
2026-09-04 14:41:55,513 [INFO] TCB: ✓ 1 dòng
2026-09-04 14:41:58,461 [INFO] MBB: ✓ 1 dòng
2026-09-04 14:42:01,234 [INFO] VNM: ✓ 1 dòng
2026-09-04 14:42:04,392 [INFO] FPT: ✓ 1 dòng
2026-09-04 14:42:07,946 [INFO] MSN: ✓ 1 dòng
2026-09-04 14:42:10,369 [INFO] BID: ✓ 1 dòng
2026-09-04 14:42:10,369 [INFO] === Xong: 10/10 tickers | 10 dòng mới ===
2026-09-07 16:14:33,693 [INFO] Fetch từ 2026-09-04 → 2026-09-06
2026-09-07 16:14:34,014 [INFO] Failed to extract font properties from /usr/share/fonts/truetype/noto/NotoColorEmoji.ttf: Non-scalable fonts are not supported
2026-09-07 16:14:34,066 [INFO] generated new fontManager
2026-09-07 16:14:37,573 [INFO] Device registered: 73771c5ea2a9dbf45599cbbbd498368f (version 0.0.1)
2026-09-07 16:14:44,236 [INFO] VCB: ✓ 1 dòng
2026-09-07 16:14:48,018 [INFO] VIC: ✓ 1 dòng
2026-09-07 16:14:51,900 [INFO] VHM: ✓ 1 dòng
2026-09-07 16:14:55,578 [INFO] HPG: ✓ 1 dòng
2026-09-07 16:14:59,833 [INFO] TCB: ✓ 1 dòng
2026-09-07 16:15:03,910 [INFO] MBB: ✓ 1 dòng
2026-09-07 16:15:07,790 [INFO] VNM: ✓ 1 dòng
2026-09-07 16:15:11,497 [INFO] FPT: ✓ 1 dòng
2026-09-07 16:15:16,122 [INFO] MSN: ✓ 1 dòng
2026-09-07 16:15:19,327 [INFO] BID: ✓ 1 dòng
2026-09-07 16:15:19,327 [INFO] === Xong: 10/10 tickers | 10 dòng mới ===
2026-09-08 14:50:57,660 [INFO] Fetch từ 2026-09-05 → 2026-09-07
2026-09-08 14:50:58,127 [INFO] Failed to extract font properties from /usr/share/fonts/truetype/noto/NotoColorEmoji.ttf: Non-scalable fonts are not supported
2026-09-08 14:50:58,903 [INFO] generated new fontManager
2026-09-08 14:51:01,331 [INFO] Device registered: 73771c5ea2a9dbf45599cbbbd498368f (version 0.0.1)
2026-09-08 14:51:06,449 [INFO] VCB: ✓ 1 dòng
2026-09-08 14:51:09,675 [INFO] VIC: ✓ 1 dòng
2026-09-08 14:51:12,324 [INFO] VHM: ✓ 1 dòng
2026-09-08 14:51:15,101 [INFO] HPG: ✓ 1 dòng
2026-09-08 14:51:17,745 [INFO] TCB: ✓ 1 dòng
2026-09-08 14:51:20,207 [INFO] MBB: ✓ 1 dòng
2026-09-08 14:51:22,746 [INFO] VNM: ✓ 1 dòng
2026-09-08 14:51:25,633 [INFO] FPT: ✓ 1 dòng
2026-09-08 14:51:28,032 [INFO] MSN: ✓ 1 dòng
2026-09-08 14:51:30,692 [INFO] BID: ✓ 1 dòng
2026-09-08 14:51:30,692 [INFO] === Xong: 10/10 tickers | 10 dòng mới ===
2026-09-09 14:58:08,542 [INFO] Fetch từ 2026-09-08 → 2026-09-08
2026-09-09 14:58:09,071 [INFO] Failed to extract font properties from /usr/share/fonts/truetype/noto/NotoColorEmoji.ttf: Non-scalable fonts are not supported
2026-09-09 14:58:09,155 [INFO] generated new fontManager
2026-09-09 14:58:11,748 [INFO] Device registered: 73771c5ea2a9dbf45599cbbbd498368f (version 0.0.1)
2026-09-09 14:58:18,834 [INFO] VCB: ✓ 1 dòng
2026-09-09 14:58:23,047 [INFO] VIC: ✓ 1 dòng
2026-09-09 14:58:26,953 [INFO] VHM: ✓ 1 dòng
2026-09-09 14:58:30,871 [INFO] HPG: ✓ 1 dòng
2026-09-09 14:58:34,677 [INFO] TCB: ✓ 1 dòng
2026-09-09 14:58:37,985 [INFO] MBB: ✓ 1 dòng
2026-09-09 14:58:41,767 [INFO] VNM: ✓ 1 dòng
2026-09-09 14:58:46,079 [INFO] FPT: ✓ 1 dòng
2026-09-09 14:58:49,431 [INFO] MSN: ✓ 1 dòng
2026-09-09 14:58:52,936 [INFO] BID: ✓ 1 dòng
2026-09-09 14:58:52,936 [INFO] === Xong: 10/10 tickers | 10 dòng mới ===
2026-09-10 14:43:25,725 [INFO] Fetch từ 2026-09-09 → 2026-09-09
2026-09-10 14:43:26,194 [INFO] Failed to extract font properties from /usr/share/fonts/truetype/noto/NotoColorEmoji.ttf: Non-scalable fonts are not supported
2026-09-10 14:43:26,322 [INFO] generated new fontManager
2026-09-10 14:43:29,037 [INFO] Device registered: 9990f92d03594fdcf5aeb9cbcf71abcb (version 0.0.1)
2026-09-10 14:43:35,558 [INFO] VCB: ✓ 1 dòng
2026-09-10 14:43:39,258 [INFO] VIC: ✓ 1 dòng
2026-09-10 14:43:43,570 [INFO] VHM: ✓ 1 dòng
2026-09-10 14:43:47,021 [INFO] HPG: ✓ 1 dòng
2026-09-10 14:43:50,754 [INFO] TCB: ✓ 1 dòng
2026-09-10 14:43:53,943 [INFO] MBB: ✓ 1 dòng
2026-09-10 14:43:57,225 [INFO] VNM: ✓ 1 dòng
2026-09-10 14:44:00,812 [INFO] FPT: ✓ 1 dòng
2026-09-10 14:44:04,758 [INFO] MSN: ✓ 1 dòng
2026-09-10 14:44:08,887 [INFO] BID: ✓ 1 dòng
2026-09-10 14:44:08,887 [INFO] === Xong: 10/10 tickers | 10 dòng mới ===
